Argentina|0|3
Australia|1|6
Brazil|1|3
China|1|1
England|4|4
France|0|12
Germany|1|7
Iran|1|6
Italy|2|3
Japan|7|2
Korea|1|5
Netherlands|0|4
Spain|7|7
Sweden|1|7
Uruguay|2|8
