COMPA1
COMPD1
COMPE1
COMPG1
COMPH1
COMPI1
COMPN1
COMPR1
