Christine Farhart (3369208)

Course   Term Title                           Mark Grade   UOC
-------- ---- -----                          ----- ----- -----
COMP1917 10s2 Computing 1                       61    PS     6
     ... Level 1 core
ENGG1000 10s2 Engineering Design                73    CR     6
     ... Free elect
MATH1081 10s2 Discrete Mathematics              65    CR     6
     ... Level 1 core
MATH1131 10s2 Mathematics 1A                    93    HD     6
     ... Level 1 core
COMP1927 11x1 Computing 2                       28    FL     0
     ... Failed. Does not count
MATH1231 11x1 Mathematics 1B                    54    PS     6
     ... Level 1 core
ARTS1570 11s1 Introductory Spanish A            60    PS     6
     ... Free elect
COMP1927 11s1 Computing 2                       30    FL     0
     ... Failed. Does not count
INFS1602 11s1 Info Systems in Business          60    PS     6
     ... Free elect
MGMT1001 11s1 Managing Organisations&People     51    PS     6
     ... Free elect
COMP1927 11s2 Computing 2                                     
     ... Incomplete. Does not yet count
COMP2041 11s2 Software Construction                           
     ... Incomplete. Does not yet count
MATH2019 11s2 Engineering Mathematics 2E                      
     ... Incomplete. Does not yet count
MATH2089 11s2 Numerical Methods & Statistics                  
     ... Incomplete. Does not yet count
              Overall WAM                       57          48
TO DO
-----
24 UOC so far; need 6 UOC more
     ... Level 1 core
0 UOC so far; need 12 UOC more
     ... Level 3 core
0 UOC so far; need 18 UOC more
     ... Level 2 core
0 UOC so far; need 24 UOC more
     ... Comp Sci Electives
0 UOC so far; need 24 UOC more
     ... CS elect
24 UOC so far; need 24 UOC more
     ... Free elect
0 UOC so far; need 12 UOC more
     ... Gen Ed
