Allison Memari (3306815)
Suggestions for study in 11s1

165 167Course   Title                 UOC Requirement
-------- -----                ---- -----------
