Allison Memari (3306815)
Suggestions for study in 11s2

167 168Course   Title                 UOC Requirement
-------- -----                ---- -----------
