Allison Memari (3306815)
Suggestions for study in 12s1

168 170Course   Title                 UOC Requirement
-------- -----                ---- -----------
