Timothy Cappie-Wood (3363921)
Suggestions for study in 10s1

162 164Course   Title                 UOC Requirement
-------- -----                ---- -----------
