Timothy Cappie-Wood (3363921)
Suggestions for study in 11s1

165 167Course   Title                 UOC Requirement
-------- -----                ---- -----------
