Timothy Cappie-Wood (3363921)
Suggestions for study in 11s2

167 168Course   Title                 UOC Requirement
-------- -----                ---- -----------
